// Jest Snapshot v1, https://goo.gl/fbAQLP

exports[`Pruebas de TodoAdd Debe renderizar el componente correctamente 1`] = `
<Fragment>
  <h4>
    Agregar ToDo
  </h4>
  <hr />
  <form
    onSubmit={[Function]}
  >
    <input
      autoComplete="off"
      className="form-control mb-3"
      name="description"
      onChange={[Function]}
      placeholder="DescripciÃ³n"
      type="text"
      value=""
    />
    <div
      className="d-grid gap-2"
    >
      <button
        className="btn btn-outline-success"
        type="submit"
      >
        Agregar
      </button>
    </div>
  </form>
</Fragment>
`;
