// Jest Snapshot v1, https://goo.gl/fbAQLP

exports[`Pruebas de TodoApp Debe renderizar correctamente el componente 1`] = `
<div>
  <h1>
    TodoApp (
    0
     pendientes)
  </h1>
  <hr />
  <div
    className="row"
  >
    <div
      className="col-4"
    >
      <TodoAdd
        handleAddTodo={[Function]}
      />
    </div>
    <div
      className="col-8"
    >
      Todos
      <TodoList
        handleComplete={[Function]}
        handleDelete={[Function]}
        todos={Array []}
      />
    </div>
  </div>
</div>
`;
