// Jest Snapshot v1, https://goo.gl/fbAQLP

exports[`Pruebas de MultipleCustomHook Debe renderizar el componente correctamente 1`] = `
<div>
  <h1>
    BreakingBad Quotes
  </h1>
  <hr />
  <div
    className="alert alert-info text-center"
  >
    Loading...
  </div>
  <button
    className="btn btn-outline-dark"
    onClick={[Function]}
  >
    Next quote
  </button>
</div>
`;
