// Jest Snapshot v1, https://goo.gl/fbAQLP

exports[`Pruebas de RealExampleRef Debe renderizar el componente correctamente 1`] = `
<div>
  <h1>
    RealExampleRef
  </h1>
  <hr />
  <button
    className="btn btn-outline-dark mt-3"
    onClick={[Function]}
  >
    Show
     quote
  </button>
</div>
`;
