// Jest Snapshot v1, https://goo.gl/fbAQLP

exports[`Pruebas de HomeScreen Debe renderizar correctamente el componente 1`] = `
<div>
  <h1>
    HomeScreen
  </h1>
  <hr />
  <pre>
    {
   "name": "Purrumaw",
   "email": "purru.maw@gmail.com"
}
  </pre>
</div>
`;
