// Jest Snapshot v1, https://goo.gl/fbAQLP

exports[`Pruebas de LoginScreen Debe renderizar correctamente el componente 1`] = `
<div>
  <h1>
    LoginScreen
  </h1>
  <hr />
  <button
    className="btn btn-outline-dark"
    onClick={[Function]}
  >
    Login
  </button>
</div>
`;
